../Core/Src/main.c:73:6:OLED_WriteCmd	1
../Core/Src/main.c:78:6:OLED_WriteData	1
../Core/Src/main.c:83:6:OLED_Init	1
../Core/Src/main.c:115:6:OLED_Clear	2
../Core/Src/main.c:127:6:HAL_UART_TxCpltCallback	2
../Core/Src/main.c:235:6:OLED_WriteString	6
../Core/Src/main.c:269:10:ADC_Read	2
../Core/Src/main.c:278:6:UART_SendString	2
../Core/Src/main.c:289:6:RB_Push	2
../Core/Src/main.c:297:5:RB_Pop	2
../Core/Src/main.c:313:5:main	10
../Core/Src/main.c:483:6:SystemClock_Config	4
../Core/Src/main.c:530:13:MX_ADC1_Init	3
../Core/Src/main.c:577:13:MX_I2C1_Init	2
../Core/Src/main.c:611:13:MX_USART1_UART_Init	2
../Core/Src/main.c:644:13:MX_GPIO_Init	1
../Core/Src/main.c:673:6:HAL_UART_RxCpltCallback	2
../Core/Src/main.c:696:6:Error_Handler	1
