../Core/Src/main.c:75:6:OLED_WriteCmd	32	static
../Core/Src/main.c:80:6:OLED_WriteData	32	static
../Core/Src/main.c:85:6:OLED_Init	8	static
../Core/Src/main.c:117:6:OLED_Clear	160	static
../Core/Src/main.c:129:6:HAL_UART_TxCpltCallback	16	static
../Core/Src/main.c:237:6:OLED_WriteString	40	static
../Core/Src/main.c:271:10:ADC_Read	8	static
../Core/Src/main.c:280:6:UART_SendString	16	static
../Core/Src/main.c:291:6:RB_Push	16	static
../Core/Src/main.c:299:5:RB_Pop	16	static
../Core/Src/main.c:312:6:MPU6050_ReadAccel	48	static
../Core/Src/main.c:322:6:MPU6050_ReadGyro	48	static
../Core/Src/main.c:339:5:main	288	static
../Core/Src/main.c:519:6:SystemClock_Config	88	static
../Core/Src/main.c:566:13:MX_ADC1_Init	24	static
../Core/Src/main.c:613:13:MX_I2C1_Init	8	static
../Core/Src/main.c:647:13:MX_USART1_UART_Init	8	static
../Core/Src/main.c:680:13:MX_GPIO_Init	40	static
../Core/Src/main.c:709:6:HAL_UART_RxCpltCallback	16	static
../Core/Src/main.c:732:6:Error_Handler	4	static,ignoring_inline_asm
