../Core/Src/main.c:91:6:HAL_UART_TxCpltCallback	2
../Core/Src/main.c:103:10:ADC_Read_Channel	3
../Core/Src/main.c:126:7:Thermistor_GetTemperature	1
../Core/Src/main.c:147:6:UART_SendString	2
../Core/Src/main.c:158:6:RB_Push	2
../Core/Src/main.c:166:5:RB_Pop	2
../Core/Src/main.c:179:6:MPU6050_ReadAccel	1
../Core/Src/main.c:189:6:MPU6050_ReadGyro	1
../Core/Src/main.c:201:6:MPU6050_InitAngles	1
../Core/Src/main.c:221:6:MPU6050_CalibrateGyro	2
../Core/Src/main.c:249:5:main	10
../Core/Src/main.c:485:6:SystemClock_Config	4
../Core/Src/main.c:532:13:MX_ADC1_Init	4
../Core/Src/main.c:588:13:MX_I2C1_Init	2
../Core/Src/main.c:622:13:MX_USART1_UART_Init	2
../Core/Src/main.c:655:13:MX_GPIO_Init	1
../Core/Src/main.c:684:6:HAL_UART_RxCpltCallback	2
../Core/Src/main.c:707:6:Error_Handler	1
