../Core/Src/main.c:73:6:OLED_WriteCmd	32	static
../Core/Src/main.c:78:6:OLED_WriteData	32	static
../Core/Src/main.c:83:6:OLED_Init	8	static
../Core/Src/main.c:115:6:OLED_Clear	160	static
../Core/Src/main.c:127:6:HAL_UART_TxCpltCallback	16	static
../Core/Src/main.c:235:6:OLED_WriteString	40	static
../Core/Src/main.c:269:10:ADC_Read	8	static
../Core/Src/main.c:278:6:UART_SendString	16	static
../Core/Src/main.c:289:6:RB_Push	16	static
../Core/Src/main.c:297:5:RB_Pop	16	static
../Core/Src/main.c:313:5:main	112	static
../Core/Src/main.c:435:6:SystemClock_Config	88	static
../Core/Src/main.c:482:13:MX_ADC1_Init	24	static
../Core/Src/main.c:529:13:MX_I2C1_Init	8	static
../Core/Src/main.c:563:13:MX_USART1_UART_Init	8	static
../Core/Src/main.c:596:13:MX_GPIO_Init	40	static
../Core/Src/main.c:625:6:HAL_UART_RxCpltCallback	16	static
../Core/Src/main.c:648:6:Error_Handler	4	static,ignoring_inline_asm
